// Jest Snapshot v1, https://goo.gl/fbAQLP

exports[`Menu Test should match snapshot 1`] = `
<div>
  <menu>
    This is the menu
  </menu>
</div>
`;
