// Jest Snapshot v1, https://goo.gl/fbAQLP

exports[`renders MenuUI 1`] = `
<ul
  className="sc-bczRLJ AKbNS"
>
  <li
    className="sc-gKXOVf iJxYWw"
    onClick={[Function]}
  >
    <a
      className="sc-iBkjds ekYlN"
    >
      <span
        className="sc-ftvSup chxByE"
      >
        <svg
          fill="none"
          height={20}
          viewBox="0 0 20 20"
          width={20}
          xmlns="http://www.w3.org/2000/svg"
        >
          <path
            clipRule="evenodd"
            d="M1.875 1.25H18.125C19.1602 1.25 20 2.08984 20 3.125V16.875C20 17.9102 19.1602 18.75 18.125 18.75H1.875C0.839844 18.75 0 17.9102 0 16.875V3.125C0 2.08984 0.839844 1.25 1.875 1.25ZM17.8906 16.875C18.0195 16.875 18.125 16.7695 18.125 16.6406V7.5H1.875V16.6406C1.875 16.7695 1.98047 16.875 2.10938 16.875H17.8906Z"
            fill="black"
            fillRule="evenodd"
          />
          <mask
            height="18"
            id="mask0_277_1709"
            maskUnits="userSpaceOnUse"
            width="20"
            x="0"
            y="1"
          >
            <path
              clipRule="evenodd"
              d="M1.875 1.25H18.125C19.1602 1.25 20 2.08984 20 3.125V16.875C20 17.9102 19.1602 18.75 18.125 18.75H1.875C0.839844 18.75 0 17.9102 0 16.875V3.125C0 2.08984 0.839844 1.25 1.875 1.25ZM17.8906 16.875C18.0195 16.875 18.125 16.7695 18.125 16.6406V7.5H1.875V16.6406C1.875 16.7695 1.98047 16.875 2.10938 16.875H17.8906Z"
              fill="white"
              fillRule="evenodd"
            />
          </mask>
          <g
            mask="url(#mask0_277_1709)"
          >
            <path
              clipRule="evenodd"
              d="M0 0H20V20H0V0Z"
              fill="#72767b"
              fillRule="evenodd"
            />
          </g>
        </svg>
      </span>
      <span
        className="sc-papXJ hMtRuD"
      >
        Dashboard
      </span>
    </a>
  </li>
  <li
    className="sc-gKXOVf iJxYWw app-tour-step-3"
    onClick={[Function]}
  >
    <a
      className="sc-iBkjds ekYlN"
    >
      <span
        className="sc-ftvSup chxByE"
      >
        <svg
          fill="none"
          height={20}
          viewBox="0 0 20 20"
          width={20}
          xmlns="http://www.w3.org/2000/svg"
        >
          <path
            clipRule="evenodd"
            d="M16.1742 0.54918L18.2008 2.57582C18.5525 2.92745 18.75 3.40436 18.75 3.90164V14.375C18.75 15.4105 17.9105 16.25 16.875 16.25H13.75V18.125C13.75 19.1605 12.9105 20 11.875 20H3.125C2.08945 20 1.25 19.1605 1.25 18.125V5.625C1.25 4.58945 2.08945 3.75 3.125 3.75H6.25V1.875C6.25 0.839453 7.08945 0 8.125 0H14.8484C15.3456 2.6003e-06 15.8226 0.197548 16.1742 0.54918ZM3.35938 18.125H11.6406C11.7701 18.125 11.875 18.0201 11.875 17.8906V16.25H8.125C7.08945 16.25 6.25 15.4105 6.25 14.375V5.625H3.35938C3.22993 5.625 3.125 5.72993 3.125 5.85938V17.8906C3.125 18.0201 3.22993 18.125 3.35938 18.125ZM8.35938 14.375C8.22993 14.375 8.125 14.2701 8.125 14.1406V2.10938C8.125 1.97993 8.22993 1.875 8.35938 1.875H12.5V5.3125C12.5 5.83027 12.9197 6.25 13.4375 6.25H16.875V14.1406C16.875 14.2701 16.7701 14.375 16.6406 14.375H8.35938ZM14.375 4.375H16.875V3.99875C16.875 3.93659 16.8503 3.87697 16.8064 3.83301L14.917 1.94363C14.873 1.89969 14.8134 1.875 14.7513 1.875H14.375V4.375Z"
            fill="black"
            fillRule="evenodd"
          />
          <mask
            height="20"
            id="mask0_277_1596"
            maskUnits="userSpaceOnUse"
            width="18"
            x="1"
            y="0"
          >
            <path
              clipRule="evenodd"
              d="M16.1742 0.54918L18.2008 2.57582C18.5525 2.92745 18.75 3.40436 18.75 3.90164V14.375C18.75 15.4105 17.9105 16.25 16.875 16.25H13.75V18.125C13.75 19.1605 12.9105 20 11.875 20H3.125C2.08945 20 1.25 19.1605 1.25 18.125V5.625C1.25 4.58945 2.08945 3.75 3.125 3.75H6.25V1.875C6.25 0.839453 7.08945 0 8.125 0H14.8484C15.3456 2.6003e-06 15.8226 0.197548 16.1742 0.54918ZM3.35938 18.125H11.6406C11.7701 18.125 11.875 18.0201 11.875 17.8906V16.25H8.125C7.08945 16.25 6.25 15.4105 6.25 14.375V5.625H3.35938C3.22993 5.625 3.125 5.72993 3.125 5.85938V17.8906C3.125 18.0201 3.22993 18.125 3.35938 18.125ZM8.35938 14.375C8.22993 14.375 8.125 14.2701 8.125 14.1406V2.10938C8.125 1.97993 8.22993 1.875 8.35938 1.875H12.5V5.3125C12.5 5.83027 12.9197 6.25 13.4375 6.25H16.875V14.1406C16.875 14.2701 16.7701 14.375 16.6406 14.375H8.35938ZM14.375 4.375H16.875V3.99875C16.875 3.93659 16.8503 3.87697 16.8064 3.83301L14.917 1.94363C14.873 1.89969 14.8134 1.875 14.7513 1.875H14.375V4.375Z"
              fill="white"
              fillRule="evenodd"
            />
          </mask>
          <g
            mask="url(#mask0_277_1596)"
          >
            <path
              clipRule="evenodd"
              d="M0 0H20V20H0V0Z"
              fill="#72767b"
              fillRule="evenodd"
            />
          </g>
        </svg>
      </span>
      <span
        className="sc-papXJ hMtRuD"
      >
        Pages
      </span>
      <span
        className="sc-ftvSup chxByE"
      >
        <svg
          fill="none"
          height={20}
          stroke="#979797"
          strokeLinecap="round"
          strokeLinejoin="round"
          strokeWidth="2"
          viewBox="0 0 20 20"
          width={20}
          xmlns="http://www.w3.org/2000/svg"
        >
          <polyline
            points="9 18 15 12 9 6"
          />
        </svg>
         
      </span>
    </a>
  </li>
</ul>
`;
