// Jest Snapshot v1, https://goo.gl/fbAQLP

exports[`renders ListGroup 1`] = `
<ul
  className="sc-bczRLJ AKbNS"
/>
`;
